[sizquirt.net/index.html]
[backblue.gif]
[fade.gif]
[index.html]
[cdn.sizquirt.net/sizquirt/website/assets/images/share.jpg]
[cdn.sizquirt.net/sizquirt/website/assets/images/icon.png]
[cdn.sizquirt.net/sizquirt/website/assets/images/apple-touch-icon.png]
[cdn.sizquirt.net/sizquirt/website/style.css]
[cdn.sizquirt.net/sizquirt/website/assets/images/image04.png]
[cdn.sizquirt.net/sizquirt/website/assets/images/image01.jpg]
[cdn.sizquirt.net/sizquirt/website/assets/images/gallery02/1.jpg]
[cdn.sizquirt.net/sizquirt/website/assets/images/gallery02/2.jpg]
[cdn.sizquirt.net/sizquirt/website/assets/images/gallery02/3.jpg]
[cdn.sizquirt.net/sizquirt/website/assets/images/gallery02/4.jpg]
[cdn.sizquirt.net/sizquirt/website/assets/images/gallery02/5.jpg]
[cdn.sizquirt.net/sizquirt/website/assets/images/gallery02/6.jpg]
[cdn.sizquirt.net/sizquirt/website/assets/images/gallery02/7.jpg]
[cdn.sizquirt.net/sizquirt/website/assets/images/gallery02/8.jpg]
[cdn.sizquirt.net/sizquirt/website/assets/images/gallery02/9.jpg]
[cdn.sizquirt.net/sizquirt/website/assets/images/gallery02/10.jpg]
[cdn.sizquirt.net/sizquirt/website/assets/images/gallery02/11.jpg]
[cdn.sizquirt.net/sizquirt/website/assets/images/gallery02/12.jpg]
[cdn.sizquirt.net/sizquirt/website/assets/images/gallery02/13.jpg]
[apis.google.com/js/platform.js]
[cdn.sizquirt.net/sizquirt/website/assets/images/gallery03/IMG_1939.jpg]
[cdn.sizquirt.net/sizquirt/website/assets/images/gallery03/IMG_3014.jpg]
[cdn.sizquirt.net/sizquirt/website/assets/images/gallery03/IMG_3150.jpg]
[cdn.sizquirt.net/sizquirt/website/assets/images/gallery03/IMG_3189.jpg]
[cdn.sizquirt.net/sizquirt/website/assets/images/gallery03/placeholder.jpg]
[sizquirt.net/cdn-cgi/l/email-protection]
[cdn.sizquirt.net/sizquirt/website/assets/images/image03.jpg]
[sizquirt.net/cdn-cgi/scripts/5c5dd728/cloudflare-static/email-decode.min.js]
[cdn.sizquirt.net/sizquirt/website/script.js]
[sizquirt.net/cdn-cgi/scripts/7d0fa10a/cloudflare-static/rocket-loader.min.js]
[sizquirt.net/index.html]
[sizquirt.net/cdn-cgi/challenge-platform/h/g/scripts/jsd/ea2d291c0fdc/maind41d.js]
[cdn.sizquirt.net/sizquirt/website/assets/fonts/48b31c96f6240af403b659004525a8b1/a247510a743bb348d220992580284ba1.woff2]
[cdn.sizquirt.net/sizquirt/website/assets/fonts/48b31c96f6240af403b659004525a8b1/fe7eaad72d36050411ccb2c6c0038bcd.woff2]
[cdn.sizquirt.net/sizquirt/website/assets/fonts/48b31c96f6240af403b659004525a8b1/e7d53d8f521618b7d747751a3a27f221.woff2]
[cdn.sizquirt.net/sizquirt/website/assets/fonts/48b31c96f6240af403b659004525a8b1/ca665cd02292a61a75553d1b541ed81e.woff2]
[cdn.sizquirt.net/sizquirt/website/assets/fonts/48b31c96f6240af403b659004525a8b1/cffbaccf419e195d8e40db72676e94d5.woff2]
[cdn.sizquirt.net/sizquirt/website/assets/fonts/48b31c96f6240af403b659004525a8b1/7474fafa1b9b76c82be3307a0e004983.woff2]
[cdn.sizquirt.net/sizquirt/website/assets/fonts/48b31c96f6240af403b659004525a8b1/a1b355b62b458237c72e54c48a366980.woff2]
[cdn.sizquirt.net/sizquirt/website/assets/fonts/48b31c96f6240af403b659004525a8b1/b84dda0c287cb5c06e79f20a8976e041.woff2]
[cdn.sizquirt.net/sizquirt/website/assets/fonts/71f91e190b3095761c817ea293e87452/535b35c6bb3b0406fc354a30a79a845e.woff2]
[cdn.sizquirt.net/sizquirt/website/assets/fonts/71f91e190b3095761c817ea293e87452/059cc73a1abfb2d5b02d0a7e1ff83362.woff2]
[cdn.sizquirt.net/sizquirt/website/assets/fonts/71f91e190b3095761c817ea293e87452/a51d7f10478a3d6827b409eb546d8fcf.woff2]
[cdn.sizquirt.net/sizquirt/website/assets/fonts/71f91e190b3095761c817ea293e87452/f0c6388fe7ff0c8fd30f323facb52ae4.woff2]
[cdn.sizquirt.net/sizquirt/website/assets/fonts/211a65900d7f942642bc8319dedee210/831f568fdf2136a62482438c921a69e3.woff2]
[cdn.sizquirt.net/sizquirt/website/assets/fonts/211a65900d7f942642bc8319dedee210/4a11a952286be76d0c1ef55614424460.woff2]
[cdn.sizquirt.net/sizquirt/website/assets/fonts/e4e9d99943834aa837e2c43d95de798e/f1b2f2a3a872f56cf6564f3103764a6b.woff2]
[cdn.sizquirt.net/sizquirt/website/assets/fonts/e4e9d99943834aa837e2c43d95de798e/8898c67bae74f8464fdab30fbdb0ffbc.woff2]
[cdn.sizquirt.net/sizquirt/website/style.css]
[cdn.sizquirt.net/sizquirt/website/assets/images/bgd90c.jpg]
[sizquirt.net/cdn-cgi/l/email-protection.html]
